<html>
<body>
<pre>
<h1>µVision Build Log</h1>
<h2>Project:</h2>
D:\Muhammad\college\3rd cse\Second Term\Microcontroller\project_tut\lcd2\lcd.uvproj
Project File Date:  03/09/2020

<h2>Output:</h2>
Build target 'Target 1'
compiling main.c...
main.c(31): warning:  #1295-D: Deprecated declaration set_pass - give arg types
  void set_pass();
main.c: 1 warning, 0 errors
linking...
Program Size: Code=1364 RO-data=652 RW-data=0 ZI-data=624  
".\lcd.axf" - 0 Error(s), 1 Warning(s).
compiling main.c...
"main.c" - 0 Error(s), 0 Warning(s).
.axf" - 2 Error(s), 1 Warning(s).
Target not created
d of source:  #18: expected a ")"
main.c(192): error: At end of source:  #65: expected a ";"
main.c(192): error: At end of source:  #67: expected a "}"
main.c: 1 warning, 6 errors
".\lcd.axf" - 6 Error(s), 1 Warning(s).
Target not created
